<html>
<body>
<pre>
<h1>µVision Build Log</h1>
<h2>Tool Versions:</h2>
IDE-Version: µVision V5.38.0.0
Copyright (C) 2022 ARM Ltd and ARM Germany GmbH. All rights reserved.
License Information: Mahmoud Abdelraouf, no, LIC=----
 
Tool Versions:
Toolchain:       MDK-Lite  Version: 5.38.0.0
Toolchain Path:  C:\Keil_v5\ARM\ARMCLANG\Bin
C Compiler:      ArmClang.exe V6.19
Assembler:       Armasm.exe V6.19
Linker/Locator:  ArmLink.exe V6.19
Library Manager: ArmAr.exe V6.19
Hex Converter:   FromElf.exe V6.19
CPU DLL:         SARMCM3.DLL V5.38.0.0
Dialog DLL:      DCM.DLL V1.17.5.0
Target DLL:      STLink\ST-LINKIII-KEIL_SWO.dll V3.1.0.0
Dialog DLL:      TCM.DLL V1.56.4.0
 
<h2>Project:</h2>
D:\Programming\01-Embedded_Systems\Projects and Work\IEEE_Embedded_Workshop\WorkSpace\NVIC_Test\NVIC_Test.uvprojx
Project File Date:  09/10/2023

<h2>Output:</h2>
*** Using Compiler 'V6.19', folder: 'C:\Keil_v5\ARM\ARMCLANG\Bin'
Build target 'Target 1'
main.c(10): warning: In file included from...
./BIT_MATH.h(52): warning: no newline at end of file [-Wnewline-eof]
#endif /* BIT_MATH_H_ */
                        ^
main.c(12): warning: In file included from...
./RCC_interface.h(165): warning: no newline at end of file [-Wnewline-eof]
#endif /**< RCC_INTERFACE_H_ */
                               ^
main.c(13): warning: In file included from...
./GPIO_interface.h(33): warning: // comments are not allowed in this language [-Wcomment]
/** @} */ // End of GPIO_Values group
          ^
./GPIO_interface.h(139): warning: no newline at end of file [-Wnewline-eof]
#endif /**< GPIO_INTERFACE_H_ */
                                ^
main.c(14): warning: In file included from...
./NVIC_interface.h(120): warning: 'NVIC_Reserved_IRQn' macro redefined [-Wmacro-redefined]
#define NVIC_Reserved_IRQn           44  /**< Reserved interrupt */
        ^
./NVIC_interface.h(119): note: previous definition is here
#define NVIC_Reserved_IRQn           43  /**< Reserved interrupt */
        ^
./NVIC_interface.h(121): warning: 'NVIC_Reserved_IRQn' macro redefined [-Wmacro-redefined]
#define NVIC_Reserved_IRQn           45  /**< Reserved interrupt */
        ^
./NVIC_interface.h(120): note: previous definition is here
#define NVIC_Reserved_IRQn           44  /**< Reserved interrupt */
        ^
./NVIC_interface.h(122): warning: 'NVIC_Reserved_IRQn' macro redefined [-Wmacro-redefined]
#define NVIC_Reserved_IRQn           46  /**< Reserved interrupt */
        ^
./NVIC_interface.h(121): note: previous definition is here
#define NVIC_Reserved_IRQn           45  /**< Reserved interrupt */
        ^
7 warnings generated.
compiling main.c...
linking...
Program Size: Code=1628 RO-data=252 RW-data=0 ZI-data=1632  
".\Objects\NVIC_Test.axf" - 0 Error(s), 7 Warning(s).

<h2>Software Packages used:</h2>

Package Vendor: ARM
                http://www.keil.com/pack/ARM.CMSIS.5.9.0.pack
                ARM.CMSIS.5.9.0
                CMSIS (Common Microcontroller Software Interface Standard)
   * Component: CORE Version: 5.6.0

Package Vendor: Keil
                https://www.keil.com/pack/Keil.STM32F1xx_DFP.2.4.1.pack
                Keil.STM32F1xx_DFP.2.4.1
                STMicroelectronics STM32F1 Series Device Support, Drivers and Examples
   * Component: Startup Version: 1.0.0

<h2>Collection of Component include folders:</h2>
  ./RTE/Device/STM32F103C8
  ./RTE/_Target_1
  C:/Users/karim/AppData/Local/Arm/Packs/ARM/CMSIS/5.9.0/CMSIS/Core/Include
  C:/Users/karim/AppData/Local/Arm/Packs/Keil/STM32F1xx_DFP/2.4.1/Device/Include

<h2>Collection of Component Files used:</h2>

   * Component: ARM::CMSIS:CORE:5.6.0

   * Component: Keil::Device:Startup:1.0.0
      Source file:   Device/Source/ARM/STM32F1xx_OPT.s
      Source file:   Device/Source/ARM/startup_stm32f10x_md.s
      Source file:   Device/Source/system_stm32f10x.c
      Include file:  RTE_Driver/Config/RTE_Device.h
Build Time Elapsed:  00:00:00
</pre>
</body>
</html>
