<html>
<body>
<pre>
<h1>µVision Build Log</h1>
<h2>Tool Versions:</h2>
IDE-Version: µVision V5.39.0.0
Copyright (C) 2023 ARM Ltd and ARM Germany GmbH. All rights reserved.
License Information: Mahmoud Abdelraouf
Non
User-based license: Keil MDK Community
Valid until: Jun 1 2033. Cached until: Dec 26 2023
 
Tool Versions:
Toolchain:       Keil MDK Community  Version: 5.39.0.0
Toolchain Path:  C:\Keil_v5\ARM\ARMCLANG\Bin
C Compiler:      ArmClang.exe V6.21
Assembler:       Armasm.exe V6.21
Linker/Locator:  ArmLink.exe V6.21
Library Manager: ArmAr.exe V6.21
Hex Converter:   FromElf.exe V6.21
CPU DLL:         SARMCM3.DLL V5.39.0.0
Dialog DLL:      DCM.DLL V1.17.5.0
Target DLL:      STLink\ST-LINKIII-KEIL_SWO.dll V3.2.0.0
Dialog DLL:      TCM.DLL V1.56.4.0
 
<h2>Project:</h2>
D:\Projects\Embedded\Bare Matel\Work\IEEE_Module_03\Practical Part\Keil uVision\WorkSpace\CLCD_Test\CLCD_Test.uvprojx
Project File Date:  12/19/2023

<h2>Output:</h2>
*** Using Compiler 'V6.21', folder: 'C:\Keil_v5\ARM\ARMCLANG\Bin'
Build target 'Target 1'
compiling GPIO_program.c...
compiling STK_program.c...
compiling RCC_program.c...
main.c(67): warning: passing 'char[11]' to parameter of type 'const uint8_t *' (aka 'const unsigned char *') converts between pointers to integer types where one is of the unique plain 'char' type and the other is not [-Wpointer-sign]
   67 |         HAL_LCD_SendString(&lcdConfig, "IEEE ASUSB");
      |                                        ^~~~~~~~~~~~
./CLCD_interface.h(149): note: passing argument to parameter 'string' here
  149 | void HAL_LCD_SendString(const LCD_Config_t *config, const uint8_t *string);
      |                                                                    ^
main.c(75): warning: passing 'char[27]' to parameter of type 'const uint8_t *' (aka 'const unsigned char *') converts between pointers to integer types where one is of the unique plain 'char' type and the other is not [-Wpointer-sign]
   75 |         HAL_LCD_SendString(&lcd_2, "Hello, From LCD 8-Bit mode");
      |                                    ^~~~~~~~~~~~~~~~~~~~~~~~~~~~
./CLCD_interface.h(149): note: passing argument to parameter 'string' here
  149 | void HAL_LCD_SendString(const LCD_Config_t *config, const uint8_t *string);
      |                                                                    ^
2 warnings generated.
compiling main.c...
compiling CLCD_program.c...
linking...
Program Size: Code=6920 RO-data=292 RW-data=0 ZI-data=1640  
FromELF: creating hex file...
".\Objects\CLCD_Test.axf" - 0 Error(s), 2 Warning(s).

<h2>Software Packages used:</h2>

Package Vendor: ARM
                http://www.keil.com/pack/ARM.CMSIS.5.9.0.pack
                ARM::CMSIS@5.9.0
                CMSIS (Common Microcontroller Software Interface Standard)
   * Component: CORE Version: 5.6.0

Package Vendor: Keil
                https://www.keil.com/pack/Keil.STM32F1xx_DFP.2.4.1.pack
                Keil::STM32F1xx_DFP@2.4.1
                STMicroelectronics STM32F1 Series Device Support, Drivers and Examples
   * Component: Startup Version: 1.0.0

<h2>Collection of Component include folders:</h2>
  ./RTE/Device/STM32F103C8
  ./RTE/_Target_1
  C:/Users/karim/AppData/Local/Arm/Packs/ARM/CMSIS/5.9.0/CMSIS/Core/Include
  C:/Users/karim/AppData/Local/Arm/Packs/Keil/STM32F1xx_DFP/2.4.1/Device/Include

<h2>Collection of Component Files used:</h2>

   * Component: ARM::CMSIS:CORE@5.6.0

   * Component: Keil::Device:Startup@1.0.0
      Source file:   Device/Source/system_stm32f10x.c
      Include file:  RTE_Driver/Config/RTE_Device.h
      Source file:   Device/Source/ARM/startup_stm32f10x_md.s
      Source file:   Device/Source/ARM/STM32F1xx_OPT.s
Build Time Elapsed:  00:00:01
</pre>
</body>
</html>
