<html>
<body>
<pre>
<h1>µVision Build Log</h1>
<h2>Tool Versions:</h2>
IDE-Version: µVision V5.38.0.0
Copyright (C) 2022 ARM Ltd and ARM Germany GmbH. All rights reserved.
License Information: Mahmoud Abdelraouf, Ain Shams, LIC=----
 
Tool Versions:
Toolchain:       MDK-Lite  Version: 5.38.0.0
Toolchain Path:  C:\Keil_v5\ARM\ARMCLANG\Bin
C Compiler:      ArmClang.exe V6.19
Assembler:       Armasm.exe V6.19
Linker/Locator:  ArmLink.exe V6.19
Library Manager: ArmAr.exe V6.19
Hex Converter:   FromElf.exe V6.19
CPU DLL:         SARMCM3.DLL V5.38.0.0
Dialog DLL:      DCM.DLL V1.17.5.0
Target DLL:      UL2CM3.DLL V1.164.8.0
Dialog DLL:      TCM.DLL V1.56.4.0
 
<h2>Project:</h2>
D:\Programming\Embedded_Systems\Bare Matel\Projects and Work\IEEE_Embedded_Workshop\Practical Part\Keil uVision\WorkSpace\FreeRTOS_Test\FreeRTOS_Test.uvprojx
Project File Date:  09/20/2023

<h2>Output:</h2>
*** Using Compiler 'V6.19', folder: 'C:\Keil_v5\ARM\ARMCLANG\Bin'
Build target 'Target 1'
compiling main.c...
linking...
Program Size: Code=3128 RO-data=268 RW-data=4 ZI-data=1816  
".\Objects\FreeRTOS_Test.axf" - 0 Error(s), 0 Warning(s).

<h2>Software Packages used:</h2>

Package Vendor: ARM
                http://www.keil.com/pack/ARM.CMSIS.5.9.0.pack
                ARM.CMSIS.5.9.0
                CMSIS (Common Microcontroller Software Interface Standard)
   * Component: CORE Version: 5.6.0

Package Vendor: ARM
                https://www.keil.com/pack/ARM.CMSIS-FreeRTOS.10.5.1.pack
                ARM.CMSIS-FreeRTOS.10.5.1
                Bundle of FreeRTOS for Cortex-M and Cortex-A
   * Component: Config Variant: FreeRTOS Version: 10.5.1
   * Component: Core Variant: Cortex-M Version: 10.5.1
   * Component: Heap Variant: Heap_4 Version: 10.5.1
   * Component: Timers Version: 10.5.1

Package Vendor: Keil
                https://www.keil.com/pack/Keil.STM32F1xx_DFP.2.4.1.pack
                Keil.STM32F1xx_DFP.2.4.1
                STMicroelectronics STM32F1 Series Device Support, Drivers and Examples
   * Component: Startup Version: 1.0.0

<h2>Collection of Component include folders:</h2>
  ./RTE/Device/STM32F103C8
  ./RTE/RTOS
  ./RTE/_Target_1
  C:/Users/karim/AppData/Local/Arm/Packs/ARM/CMSIS-FreeRTOS/10.5.1/CMSIS/RTOS2/FreeRTOS/Include
  C:/Users/karim/AppData/Local/Arm/Packs/ARM/CMSIS-FreeRTOS/10.5.1/Source/include
  C:/Users/karim/AppData/Local/Arm/Packs/ARM/CMSIS-FreeRTOS/10.5.1/Source/portable/GCC/ARM_CM3
  C:/Users/karim/AppData/Local/Arm/Packs/ARM/CMSIS/5.9.0/CMSIS/Core/Include
  C:/Users/karim/AppData/Local/Arm/Packs/Keil/STM32F1xx_DFP/2.4.1/Device/Include

<h2>Collection of Component Files used:</h2>

   * Component: ARM.FreeRTOS::RTOS:Config:FreeRTOS:10.5.1
      Include file:  Config/ARMCM/FreeRTOSConfig.h

   * Component: ARM.FreeRTOS::RTOS:Core:Cortex-M:10.5.1
      Source file:   Source/portable/GCC/ARM_CM3/port.c
      Include file:  Source/include/FreeRTOS.h
      Include file:  Source/include/task.h
      Source file:   Source/tasks.c
      Source file:   Source/list.c
      Source file:   Source/queue.c
      Include file:  Source/include/queue.h
      Include file:  Source/include/semphr.h
      Source file:   CMSIS/RTOS2/FreeRTOS/Source/freertos_evr.c

   * Component: ARM.FreeRTOS::RTOS:Heap:Heap_4:10.5.1
      Source file:   Source/portable/MemMang/heap_4.c

   * Component: ARM.FreeRTOS::RTOS:Timers:10.5.1
      Include file:  Source/include/timers.h
      Source file:   Source/timers.c

   * Component: ARM::CMSIS:CORE:5.6.0

   * Component: Keil::Device:Startup:1.0.0
      Source file:   Device/Source/system_stm32f10x.c
      Include file:  RTE_Driver/Config/RTE_Device.h
      Source file:   Device/Source/ARM/STM32F1xx_OPT.s
      Source file:   Device/Source/ARM/startup_stm32f10x_md.s
Build Time Elapsed:  00:00:01
</pre>
</body>
</html>
